core_cm0plus.h:745:22:NVIC_EnableIRQ	16	static
core_cm0plus.h:756:22:NVIC_DisableIRQ	16	static
core_cm0plus.h:791:22:NVIC_ClearPendingIRQ	16	static
core_cm0plus.h:804:22:NVIC_SetPriority	24	static
uarts.c:38:6:UART0_Transmit_Poll	8	static
uarts.c:47:6:UART0_Receive_Poll	8	static
uarts.c:56:6:serialreturner	8	static
uarts.c:64:6:stringsender	16	static
uarts.c:73:6:Send_Char_Poll	24	static
uarts.c:86:6:Send_String_Poll	16	static
uarts.c:92:6:uart_init	24	static
uarts.c:165:6:UART0_IRQHandler	8	static
uarts.c:203:6:txinterruptcheck	8	static
uarts.c:216:6:received_char	8	static
uarts.c:221:6:Send_Char	16	static
uarts.c:231:6:receivewritetobuffer	40	static
uarts.c:257:6:Send_String	16	static
uarts.c:272:6:echo	8	static
