core_cm0plus.h:745:22:NVIC_EnableIRQ	16	static
core_cm0plus.h:756:22:NVIC_DisableIRQ	16	static
core_cm0plus.h:791:22:NVIC_ClearPendingIRQ	16	static
core_cm0plus.h:804:22:NVIC_SetPriority	24	static
uarts.c:39:6:UART0_Transmit_Poll	8	static
uarts.c:48:6:UART0_Receive_Poll	8	static
uarts.c:57:6:serialreturner	8	static
uarts.c:65:6:stringsender	16	static
uarts.c:74:6:Send_Char_Poll	24	static
uarts.c:88:6:Send_String_Poll	16	static
uarts.c:94:6:uart_init	24	static
uarts.c:166:6:UART0_IRQHandler	8	static
uarts.c:203:6:txinterruptcheck	8	static
uarts.c:216:6:received_char	8	static
uarts.c:222:6:Send_Char	16	static
uarts.c:232:6:receivewritetobuffer	16	static
uarts.c:243:6:poll_receivewritetobuffer	32	static
uarts.c:248:6:Send_String	16	static
uarts.c:264:6:echo	8	static
